[
	"../engines/2d/classes/Config.js",
	"../engines/2d/classes/others/ErrorView.js",
	"../engines/2d/classes/others/Position.js",
	"../engines/2d/classes/others/Spectrometer.js",
	"../engines/2d/classes/events/Input.js",
	"../engines/2d/classes/network/NetworkManager.js",
	"../engines/2d/classes/network/Network.js",
	"../engines/2d/classes/network/Storage.js",
	"../engines/2d/classes/behaviors/SingleBehavior.js",
	"../engines/2d/classes/renderers/SpriteRenderer.js",
	"../engines/2d/classes/renderers/GeometricRenderer.js",
	"../engines/2d/classes/renderers/ImageRenderer.js",
	"../engines/2d/classes/renderers/LoaderRenderer.js",
	"../engines/2d/classes/physics/Box2DPhysicEngine.js",
	"../engines/2d/classes/physics/CollisionsManager.js",
	"../engines/2d/classes/Loader.js",
	"../engines/2d/classes/Vector2.js",
	"../engines/2d/classes/Camera.js",
	"../engines/2d/classes/TileMap.js",
	"../engines/2d/classes/Particle.js",
	"../engines/2d/classes/Tile.js",
	"../engines/2d/classes/GameObject.js",
	"../engines/2d/classes/Scene.js",
	"../engines/2d/classes/Text.js",
	"../engines/2d/classes/Background.js",
	"../engines/2d/classes/Sound.js",
	"../engines/2d/functions.js",
	"../engines/2d/events.js",
	"../engines/2d/sounds.js",
	"../engines/2d/ressources.js",

	"../engines/2d/canvas.js",
	"../engines/2d/game.js"
]